// Jest Snapshot v1, https://goo.gl/fbAQLP

exports[`matches the snapshot 1`] = `
<button
  data-testid="button"
  onClick={[Function]}
>
  religion
</button>
`;
